# github.com/suproxy/backend/test/integration_test [github.com/suproxy/backend/test/integration.test]
test\integration\client_repository_test.go:95:20: not enough arguments in call to testutil.CreateTestXrayInstanceWithDefaults
	have ()
	want (uuid.UUID)
test\integration\client_repository_test.go:146:20: not enough arguments in call to testutil.CreateTestXrayInstanceWithDefaults
	have ()
	want (uuid.UUID)
test\integration\client_repository_test.go:195:20: not enough arguments in call to testutil.CreateTestXrayInstanceWithDefaults
	have ()
	want (uuid.UUID)
test\integration\client_repository_test.go:244:20: not enough arguments in call to testutil.CreateTestXrayInstanceWithDefaults
	have ()
	want (uuid.UUID)
test\integration\client_repository_test.go:294:20: not enough arguments in call to testutil.CreateTestXrayInstanceWithDefaults
	have ()
	want (uuid.UUID)
test\integration\client_repository_test.go:349:20: not enough arguments in call to testutil.CreateTestXrayInstanceWithDefaults
	have ()
	want (uuid.UUID)
test\integration\client_repository_test.go:409:20: not enough arguments in call to testutil.CreateTestXrayInstanceWithDefaults
	have ()
	want (uuid.UUID)
test\integration\client_repository_test.go:476:21: not enough arguments in call to testutil.CreateTestXrayInstanceWithDefaults
	have ()
	want (uuid.UUID)
test\integration\client_repository_test.go:523:20: not enough arguments in call to testutil.CreateTestXrayInstanceWithDefaults
	have ()
	want (uuid.UUID)
test\integration\client_repository_test.go:566:19: not enough arguments in call to testutil.CreateTestXrayInstanceWithDefaults
	have ()
	want (uuid.UUID)
test\integration\client_repository_test.go:566:19: too many errors
# github.com/suproxy/backend/test/integration [github.com/suproxy/backend/test/integration.test]
test\integration\admin_client_handler_test.go:323:18: not enough arguments in call to testutil.CreateTestXrayInstanceWithDefaults
	have ()
	want (uuid.UUID)
test\integration\admin_inbound_handler_test.go:139:18: not enough arguments in call to testutil.CreateTestXrayInstanceWithDefaults
	have ()
	want (uuid.UUID)
test\integration\admin_inbound_handler_test.go:199:18: not enough arguments in call to testutil.CreateTestXrayInstanceWithDefaults
	have ()
	want (uuid.UUID)
test\integration\admin_inbound_handler_test.go:264:18: not enough arguments in call to testutil.CreateTestXrayInstanceWithDefaults
	have ()
	want (uuid.UUID)
test\integration\admin_inbound_handler_test.go:312:18: not enough arguments in call to testutil.CreateTestXrayInstanceWithDefaults
	have ()
	want (uuid.UUID)
test\integration\admin_inbound_handler_test.go:350:18: not enough arguments in call to testutil.CreateTestXrayInstanceWithDefaults
	have ()
	want (uuid.UUID)
test\integration\admin_xray_handler_test.go:137:18: not enough arguments in call to testutil.CreateTestXrayInstanceWithDefaults
	have ()
	want (uuid.UUID)
test\integration\admin_xray_handler_test.go:159:18: not enough arguments in call to testutil.CreateTestXrayInstanceWithDefaults
	have ()
	want (uuid.UUID)
test\integration\admin_xray_handler_test.go:212:18: not enough arguments in call to testutil.CreateTestXrayInstanceWithDefaults
	have ()
	want (uuid.UUID)
test\integration\admin_xray_handler_test.go:274:18: not enough arguments in call to testutil.CreateTestXrayInstanceWithDefaults
	have ()
	want (uuid.UUID)
test\integration\admin_xray_handler_test.go:274:18: too many errors
